src/pages/ATSChecker.tsx(1,8): error TS1259: Module '"C:/Users/allen/Desktop/Eresumehub/frontend/node_modules/@types/react/index"' can only be default-imported using the 'esModuleInterop' flag
src/pages/ATSChecker.tsx(111,9): error TS17004: Cannot use JSX unless the '--jsx' flag is provided.
src/pages/ATSChecker.tsx(112,13): error TS17004: Cannot use JSX unless the '--jsx' flag is provided.
src/pages/ATSChecker.tsx(114,17): error TS17004: Cannot use JSX unless the '--jsx' flag is provided.
src/pages/ATSChecker.tsx(115,21): error TS17004: Cannot use JSX unless the '--jsx' flag is provided.
src/pages/ATSChecker.tsx(116,25): error TS17004: Cannot use JSX unless the '--jsx' flag is provided.
src/pages/ATSChecker.tsx(117,25): error TS17004: Cannot use JSX unless the '--jsx' flag is provided.
src/pages/ATSChecker.tsx(119,21): error TS17004: Cannot use JSX unless the '--jsx' flag is provided.
src/pages/ATSChecker.tsx(122,21): error TS17004: Cannot use JSX unless the '--jsx' flag is provided.
src/pages/ATSChecker.tsx(123,47): error TS17004: Cannot use JSX unless the '--jsx' flag is provided.
src/pages/ATSChecker.tsx(128,17): error TS17004: Cannot use JSX unless the '--jsx' flag is provided.
src/pages/ATSChecker.tsx(134,25): error TS17004: Cannot use JSX unless the '--jsx' flag is provided.
src/pages/ATSChecker.tsx(135,29): error TS17004: Cannot use JSX unless the '--jsx' flag is provided.
src/pages/ATSChecker.tsx(136,33): error TS17004: Cannot use JSX unless the '--jsx' flag is provided.
src/pages/ATSChecker.tsx(143,33): error TS17004: Cannot use JSX unless the '--jsx' flag is provided.
src/pages/ATSChecker.tsx(148,33): error TS17004: Cannot use JSX unless the '--jsx' flag is provided.
src/pages/ATSChecker.tsx(158,21): error TS17004: Cannot use JSX unless the '--jsx' flag is provided.
src/pages/ATSChecker.tsx(159,25): error TS17004: Cannot use JSX unless the '--jsx' flag is provided.
src/pages/ATSChecker.tsx(164,29): error TS17004: Cannot use JSX unless the '--jsx' flag is provided.
src/pages/ATSChecker.tsx(171,29): error TS17004: Cannot use JSX unless the '--jsx' flag is provided.
src/pages/ATSChecker.tsx(172,29): error TS17004: Cannot use JSX unless the '--jsx' flag is provided.
src/pages/ATSChecker.tsx(175,29): error TS17004: Cannot use JSX unless the '--jsx' flag is provided.
src/pages/ATSChecker.tsx(179,29): error TS17004: Cannot use JSX unless the '--jsx' flag is provided.
src/pages/ATSChecker.tsx(187,25): error TS17004: Cannot use JSX unless the '--jsx' flag is provided.
src/pages/ATSChecker.tsx(198,21): error TS17004: Cannot use JSX unless the '--jsx' flag is provided.
src/pages/ATSChecker.tsx(199,25): error TS17004: Cannot use JSX unless the '--jsx' flag is provided.
src/pages/ATSChecker.tsx(201,25): error TS17004: Cannot use JSX unless the '--jsx' flag is provided.
src/pages/ATSChecker.tsx(202,29): error TS17004: Cannot use JSX unless the '--jsx' flag is provided.
src/pages/ATSChecker.tsx(203,33): error TS17004: Cannot use JSX unless the '--jsx' flag is provided.
src/pages/ATSChecker.tsx(204,37): error TS17004: Cannot use JSX unless the '--jsx' flag is provided.
src/pages/ATSChecker.tsx(205,41): error TS17004: Cannot use JSX unless the '--jsx' flag is provided.
src/pages/ATSChecker.tsx(208,61): error TS17004: Cannot use JSX unless the '--jsx' flag is provided.
src/pages/ATSChecker.tsx(210,33): error TS17004: Cannot use JSX unless the '--jsx' flag is provided.
src/pages/ATSChecker.tsx(219,29): error TS17004: Cannot use JSX unless the '--jsx' flag is provided.
src/pages/ATSChecker.tsx(220,33): error TS17004: Cannot use JSX unless the '--jsx' flag is provided.
src/pages/ATSChecker.tsx(221,37): error TS17004: Cannot use JSX unless the '--jsx' flag is provided.
src/pages/ATSChecker.tsx(224,33): error TS17004: Cannot use JSX unless the '--jsx' flag is provided.
src/pages/ATSChecker.tsx(229,66): error TS17004: Cannot use JSX unless the '--jsx' flag is provided.
src/pages/ATSChecker.tsx(233,29): error TS17004: Cannot use JSX unless the '--jsx' flag is provided.
src/pages/ATSChecker.tsx(234,33): error TS17004: Cannot use JSX unless the '--jsx' flag is provided.
src/pages/ATSChecker.tsx(235,37): error TS17004: Cannot use JSX unless the '--jsx' flag is provided.
src/pages/ATSChecker.tsx(238,33): error TS17004: Cannot use JSX unless the '--jsx' flag is provided.
src/pages/ATSChecker.tsx(248,25): error TS17004: Cannot use JSX unless the '--jsx' flag is provided.
src/pages/ATSChecker.tsx(249,29): error TS17004: Cannot use JSX unless the '--jsx' flag is provided.
src/pages/ATSChecker.tsx(255,29): error TS17004: Cannot use JSX unless the '--jsx' flag is provided.
src/pages/ATSChecker.tsx(267,21): error TS17004: Cannot use JSX unless the '--jsx' flag is provided.
src/pages/ATSChecker.tsx(269,29): error TS17004: Cannot use JSX unless the '--jsx' flag is provided.
src/pages/ATSChecker.tsx(270,33): error TS17004: Cannot use JSX unless the '--jsx' flag is provided.
src/pages/ATSChecker.tsx(271,37): error TS17004: Cannot use JSX unless the '--jsx' flag is provided.
src/pages/ATSChecker.tsx(276,33): error TS17004: Cannot use JSX unless the '--jsx' flag is provided.
src/pages/ATSChecker.tsx(277,37): error TS17004: Cannot use JSX unless the '--jsx' flag is provided.
src/pages/ATSChecker.tsx(278,37): error TS17004: Cannot use JSX unless the '--jsx' flag is provided.
src/pages/ATSChecker.tsx(279,37): error TS17004: Cannot use JSX unless the '--jsx' flag is provided.
src/pages/ATSChecker.tsx(281,33): error TS17004: Cannot use JSX unless the '--jsx' flag is provided.
src/pages/ATSChecker.tsx(282,33): error TS17004: Cannot use JSX unless the '--jsx' flag is provided.
src/pages/ATSChecker.tsx(287,29): error TS17004: Cannot use JSX unless the '--jsx' flag is provided.
src/pages/ATSChecker.tsx(288,33): error TS17004: Cannot use JSX unless the '--jsx' flag is provided.
src/pages/ATSChecker.tsx(289,37): error TS17004: Cannot use JSX unless the '--jsx' flag is provided.
src/pages/ATSChecker.tsx(291,33): error TS17004: Cannot use JSX unless the '--jsx' flag is provided.
src/pages/ATSChecker.tsx(292,33): error TS17004: Cannot use JSX unless the '--jsx' flag is provided.
src/pages/ATSChecker.tsx(293,33): error TS17004: Cannot use JSX unless the '--jsx' flag is provided.
src/pages/ATSChecker.tsx(301,29): error TS17004: Cannot use JSX unless the '--jsx' flag is provided.
src/pages/ATSChecker.tsx(303,33): error TS17004: Cannot use JSX unless the '--jsx' flag is provided.
src/pages/ATSChecker.tsx(304,37): error TS17004: Cannot use JSX unless the '--jsx' flag is provided.
src/pages/ATSChecker.tsx(305,37): error TS17004: Cannot use JSX unless the '--jsx' flag is provided.
src/pages/ATSChecker.tsx(306,41): error TS17004: Cannot use JSX unless the '--jsx' flag is provided.
src/pages/ATSChecker.tsx(307,45): error TS17004: Cannot use JSX unless the '--jsx' flag is provided.
src/pages/ATSChecker.tsx(308,49): error TS17004: Cannot use JSX unless the '--jsx' flag is provided.
src/pages/ATSChecker.tsx(309,49): error TS17004: Cannot use JSX unless the '--jsx' flag is provided.
src/pages/ATSChecker.tsx(311,45): error TS17004: Cannot use JSX unless the '--jsx' flag is provided.
src/pages/ATSChecker.tsx(313,41): error TS17004: Cannot use JSX unless the '--jsx' flag is provided.
src/pages/ATSChecker.tsx(314,45): error TS17004: Cannot use JSX unless the '--jsx' flag is provided.
src/pages/ATSChecker.tsx(317,45): error TS17004: Cannot use JSX unless the '--jsx' flag is provided.
src/pages/ATSChecker.tsx(323,33): error TS17004: Cannot use JSX unless the '--jsx' flag is provided.
src/pages/ATSChecker.tsx(324,37): error TS17004: Cannot use JSX unless the '--jsx' flag is provided.
src/pages/ATSChecker.tsx(325,41): error TS17004: Cannot use JSX unless the '--jsx' flag is provided.
src/pages/ATSChecker.tsx(326,45): error TS17004: Cannot use JSX unless the '--jsx' flag is provided.
src/pages/ATSChecker.tsx(329,41): error TS17004: Cannot use JSX unless the '--jsx' flag is provided.
src/pages/ATSChecker.tsx(331,49): error TS17004: Cannot use JSX unless the '--jsx' flag is provided.
src/pages/ATSChecker.tsx(332,53): error TS17004: Cannot use JSX unless the '--jsx' flag is provided.
src/pages/ATSChecker.tsx(339,37): error TS17004: Cannot use JSX unless the '--jsx' flag is provided.
src/pages/ATSChecker.tsx(340,41): error TS17004: Cannot use JSX unless the '--jsx' flag is provided.
src/pages/ATSChecker.tsx(341,45): error TS17004: Cannot use JSX unless the '--jsx' flag is provided.
src/pages/ATSChecker.tsx(344,41): error TS17004: Cannot use JSX unless the '--jsx' flag is provided.
src/pages/ATSChecker.tsx(346,49): error TS17004: Cannot use JSX unless the '--jsx' flag is provided.
src/pages/ATSChecker.tsx(347,53): error TS17004: Cannot use JSX unless the '--jsx' flag is provided.
src/pages/ATSChecker.tsx(356,33): error TS17004: Cannot use JSX unless the '--jsx' flag is provided.
src/pages/ATSChecker.tsx(357,37): error TS17004: Cannot use JSX unless the '--jsx' flag is provided.
src/pages/ATSChecker.tsx(358,37): error TS17004: Cannot use JSX unless the '--jsx' flag is provided.
src/pages/ATSChecker.tsx(359,83): error TS17004: Cannot use JSX unless the '--jsx' flag is provided.
src/pages/ATSChecker.tsx(361,37): error TS17004: Cannot use JSX unless the '--jsx' flag is provided.
src/pages/ATSChecker.tsx(362,41): error TS17004: Cannot use JSX unless the '--jsx' flag is provided.
src/pages/ATSChecker.tsx(367,45): error TS17004: Cannot use JSX unless the '--jsx' flag is provided.
src/pages/ATSChecker.tsx(370,41): error TS17004: Cannot use JSX unless the '--jsx' flag is provided.
src/pages/ATSChecker.tsx(379,33): error TS17004: Cannot use JSX unless the '--jsx' flag is provided.
src/pages/ATSChecker.tsx(380,73): error TS2552: Cannot find name 'setResults'. Did you mean 'results'?
src/services/api.ts(4,20): error TS1343: The 'import.meta' meta-property is only allowed when the '--module' option is 'es2020', 'es2022', 'esnext', 'system', 'node16', 'node18', 'node20', or 'nodenext'.
src/services/api.ts(4,32): error TS2339: Property 'env' does not exist on type 'ImportMeta'.
src/services/api.ts(26,39): error TS1343: The 'import.meta' meta-property is only allowed when the '--module' option is 'es2020', 'es2022', 'esnext', 'system', 'node16', 'node18', 'node20', or 'nodenext'.
src/services/api.ts(26,51): error TS2339: Property 'env' does not exist on type 'ImportMeta'.
src/services/resume.ts(200,21): error TS1343: The 'import.meta' meta-property is only allowed when the '--module' option is 'es2020', 'es2022', 'esnext', 'system', 'node16', 'node18', 'node20', or 'nodenext'.
src/services/resume.ts(200,33): error TS2339: Property 'env' does not exist on type 'ImportMeta'.
