node.exe : [2m11:05:30 
pm[22m 
[33m[1m[vite][22m[39m 
[33mwarning: `esbuild` 
option was specified by 
"vite:react-babel" plugin. 
This option is deprecated, 
please use `oxc` 
instead.[39m
At line:1 char:1
+ & "C:\Program 
Files\nodejs/node.exe" "C:\
Users\allen\AppData\Roaming
\ ...
+ ~~~~~~~~~~~~~~~~~~~~~~~~~
~~~~~~~~~~~~~~~~~~~~~~~~~~~
~~~~~~~~~~~~~~~~~
    + CategoryInfo         
     : NotSpecified: ([2  
  m11:05:30 pm...` inste   
 ad.[39m:String) [], R    
emoteException
    + FullyQualifiedErrorI 
   d : NativeCommandError
 
[2m11:05:30 pm[22m 
[33m[1m[vite][22m[39m 
[33mwarning: `optimizeDeps
.esbuildOptions` option 
was specified by 
"vite:react-babel" plugin. 
This option is deprecated, 
please use `optimizeDeps.ro
lldownOptions` 
instead.[39m
[33mBoth esbuild and oxc 
options were set. oxc 
options will be used and 
esbuild options will be 
ignored.[39m The 
following esbuild options 
were set: `{ jsx: 
'automatic', 
jsxImportSource: undefined 
}`

[1m[46m RUN [49m[22m [36mv4.1.2 [39m[90mC:/Users/allen/Desktop/Eresumehub/frontend[39m

[baseline-browser-mapping] 
The data in this module is 
over two months old.  To 
ensure accurate Baseline 
data, please update: `npm 
i baseline-browser-mapping@
latest -D`
 [32mΓ£ô[39m src/features/create-resume/hooks/useReadinessScore.test.ts[2m > [22museReadinessScore[2m > [22mreturns 0 readiness when profile is null[32m 15[2mms[22m[39m
 [32mΓ£ô[39m src/features/create-resume/hooks/useReadinessScore.test.ts[2m > [22museReadinessScore[2m > [22mcalculates high score for complete profile[32m 2[2mms[22m[39m
 [32mΓ£ô[39m src/features/create-resume/hooks/useReadinessScore.test.ts[2m > [22museReadinessScore[2m > [22mGermany Compliance[2m > [22madds photo warning for Germany if photo is missing[32m 1[2mms[22m[39m
 [32mΓ£ô[39m src/features/create-resume/hooks/useReadinessScore.test.ts[2m > [22museReadinessScore[2m > [22mGermany Compliance[2m > [22mdiscounts score if warnings are present[32m 3[2mms[22m[39m
 [31m├ù[39m src/features/create-resume/hooks/useReadinessScore.test.ts[2m > [22museReadinessScore[2m > [22mATS Matching Logic[2m > [22mboosts ATS score when job description matches skills[32m 6[2mms[22m[39m
[31m   ΓåÆ expected 85 to be greater than 90[39m
 [31m├ù[39m src/features/create-resume/hooks/useReadinessScore.test.ts[2m > [22museReadinessScore[2m > [22mATS Matching Logic[2m > [22mpenalizes ATS score for incomplete profile[32m 1[2mms[22m[39m
[31m   ΓåÆ expected 85 to be less than 80[39m

[31mΓÄ»ΓÄ»ΓÄ»ΓÄ»ΓÄ»ΓÄ»ΓÄ»
[39m[1m[41m Failed Tests 
2 [49m[22m[31mΓÄ»ΓÄ»ΓÄ»Γ
Ä»ΓÄ»ΓÄ»ΓÄ»[39m

[41m[1m FAIL [22m[49m s
rc/features/create-resume/h
ooks/useReadinessScore.test
.ts[2m > 
[22museReadinessScore[2m 
> [22mATS Matching 
Logic[2m > [22mboosts 
ATS score when job 
description matches skills
[31m[1mAssertionError[22
m: expected 85 to be 
greater than 90[39m
[36m [2mΓ¥»[22m src/feat
ures/create-resume/hooks/us
eReadinessScore.test.ts:[2
m65:54[22m[39m
    [90m 63|[39m         
    )[33m;[39m
    [90m 64|[39m         
    [90m// With matching 
skills, ATS score should 
be high[39m
    [90m 65|[39m         
    expect(result.current.p
rojectedAtsScore).toBeGreat
erThan(9ΓÇª
    [90m   |[39m         
                           
                  
[31m^[39m
    [90m 66|[39m         
})[33m;[39m
    [90m 67|[39m

[31m[2mΓÄ»ΓÄ»ΓÄ»ΓÄ»ΓÄ»ΓÄ»
ΓÄ»ΓÄ»ΓÄ»ΓÄ»ΓÄ»ΓÄ»ΓÄ»ΓÄ»ΓÄ»
ΓÄ»ΓÄ»ΓÄ»ΓÄ»ΓÄ»ΓÄ»ΓÄ»ΓÄ»ΓÄ»
[1/2]ΓÄ»[22m[39m

[41m[1m FAIL [22m[49m s
rc/features/create-resume/h
ooks/useReadinessScore.test
.ts[2m > 
[22museReadinessScore[2m 
> [22mATS Matching 
Logic[2m > [22mpenalizes 
ATS score for incomplete 
profile
[31m[1mAssertionError[22
m: expected 85 to be less 
than 80[39m
[36m [2mΓ¥»[22m src/feat
ures/create-resume/hooks/us
eReadinessScore.test.ts:[2
m73:54[22m[39m
    [90m 71|[39m         
        useReadinessScore(i
ncompleteProfile, 
'Software EngineeΓÇª
    [90m 72|[39m         
    )[33m;[39m
    [90m 73|[39m         
    [34mexpect[39m(result
[33m.[39mcurrent[33m.[3
9mprojectedAtsScore)[33m.
[39m[34mtoBeLessThan[39m(
[34m80[39m)[33m;[39m
    [90m   |[39m         
                           
                  
[31m^[39m
    [90m 74|[39m         
})[33m;[39m
    [90m 75|[39m     
})[33m;[39m

[31m[2mΓÄ»ΓÄ»ΓÄ»ΓÄ»ΓÄ»ΓÄ»
ΓÄ»ΓÄ»ΓÄ»ΓÄ»ΓÄ»ΓÄ»ΓÄ»ΓÄ»ΓÄ»
ΓÄ»ΓÄ»ΓÄ»ΓÄ»ΓÄ»ΓÄ»ΓÄ»ΓÄ»ΓÄ»
[2/2]ΓÄ»[22m[39m


[2m Test Files [22m [1m[31m1 failed[39m[22m[90m (1)[39m
[2m      Tests [22m [1m[31m2 failed[39m[22m[2m | [22m[1m[32m4 passed[39m[22m[90m (6)[39m
[2m   Start at [22m 23:05:30
[2m   Duration [22m 1.66s[2m (transform 48ms, setup 216ms, import 30ms, tests 31ms, environment 1.16s)[22m

